// Jest Snapshot v1, https://goo.gl/fbAQLP

exports[`Pruebas en <GifGridItem/> should: mostrar correctamente el componente GifGridItem  1`] = `
<div
  className="card animate__animated animate__bounce"
>
  <img
    alt="El test"
    src="https:/laimagentest.com"
  />
  <p>
    El test
  </p>
</div>
`;
